Job Scraper System Test Report
========================================

timestamp: 2025-10-07 10:33:00
total_jobs: 673
total_companies: 673
total_decision_makers: 2006
total_portals: 52
active_portals: 52
jobs_by_market:
  USA: 673
  UK: 0
jobs_by_type:
  Technical: 673
  Non-Technical: 0
company_sizes: ['10K+', '10K+', '10K+', '10K+', '1K+', '10K+', '10K+', '10K+', '10K+', '1K+', '1K+', '10K+', '10K+', '10K+', '10K+', '10K+', '10K+', '1K+', '10K+', '1K+', '1K+', '1K+', '1K+', '1K+', '10K+', '10K+', '10K+', '10K+', '10K+', '10K+', '10K+', '10K+', '1K+', '1K+', '10K+', '10K+', '10K+', '1K+', '1K+', '1K+', '10K+', '1K+', '1K+', '10K+', '1K+', '10K+', '10K+', '10K+', '10K+', '10K+', '1K+', '1K+', '1K+', '10K+', '10K+', '10K+', '10K+', '10K+', '10K+', '10K+', '10K+', '10K+', '1K+', '1K+', '10K+', '10K+', '1K+', '10K+', '1K+', '1K+', '10K+', '10K+', '10K+', '10K+', '10K+', '1K+', '1K+', '10K+', '1K+', '1K+', '10K+', '10K+', '201-500', '10K+', '10K+', '10K+', '10K+', '10K+', '10K+', '10K+', '10K+', '1K+', '10K+', '1K+', '10K+', '1K+', '10K+', '10K+', '11-50', '10K+', '10K+', '10K+', '10K+', '10K+', '10K+', '10K+', '10K+', '10K+', '10K+', '10K+', '10K+', '1K+', '1K+', '10K+', '10K+', '10K+', '10K+', '10K+', '10K+', '10K+', '10K+', '10K+', '1K+', '10K+', '10K+', '1K+', '1K+', '10K+', '1K+', '1K+', '10K+', '10K+', '1K+', '10K+', '1K+', '1K+', '1K+', '1K+', '1K+', '10K+', '10K+', '10K+', '10K+', '10K+', '10K+', '10K+', '1K+', '10K+', '1K+', '1K+', '10K+', '10K+', '1K+', '10K+', '10K+', '10K+', '10K+', '10K+', '10K+', '1K+', '10K+', '10K+', '10K+', '1K+', '10K+', '1K+', '1K+', '10K+', '10K+', '10K+', '10K+', '10K+', '10K+', '10K+', '10K+', '10K+', '1K+', '1K+', '1K+', '10K+', '10K+', '10K+', '10K+', '10K+', '1K+', '10K+', '10K+', '10K+', '1K+', '1K+', '10K+', '1K+', '1K+', '10K+', '10K+', '10K+', '1K+', '10K+', '10K+', '10K+', '10K+', '10K+', '10K+', '10K+', '10K+', '10K+', '10K+', '10K+', '10K+', '10K+', '10K+', '10K+', '1K+', '10K+', '10K+', '10K+', '10K+', '10K+', '10K+', '10K+', '10K+', '10K+', '10K+', '10K+', '10K+', '10K+', '10K+', '10K+', '10K+', '10K+', '10K+', '1K+', '10K+', '10K+', '10K+', '10K+', '10K+', '1K+', '10K+', '10K+', '10K+', '10K+', '1001-5000', '10K+', '10K+', '10K+', '10K+', '10K+', '10K+', '10K+', '10K+', '1K+', '1K+', '10K+', '10K+', '10K+', '10K+', '10K+', '10K+', '10K+', '10K+', '1K+', '10K+', '10K+', '10K+', '10K+', '10K+', '10K+', '10K+', '1K+', '10K+', '10K+', '10K+', '10K+', '10K+', '10K+', '10K+', '10K+', '10K+', '10K+', '10K+', '10K+', '1K+', '10K+', '10K+', '10K+', '10K+', '1K+', '1K+', '1-10', '10K+', '1K+', '10K+', '1K+', '1K+', '1K+', '10K+', '201-500', '10K+', '1K+', '10K+', '10K+', '11-50', '10K+', '10K+', '10K+', '501-1000', '10K+', '10K+', '10K+', '1-10', '10K+', '1K+', '201-500', '10K+', '10K+', '10K+', '10K+', '10K+', '10K+', '10K+', '10K+', '1K+', '1K+', '1K+', '10K+', '10K+', '11-50', '10K+', '1001-5000', '10K+', '1K+', '1K+', '10K+', '10K+', '10K+', '10K+', '1K+', '10K+', '10K+', '10K+', '10K+', '1K+', '10K+', '201-500', '10K+', '10K+', '1K+', '1K+', '10K+', '10K+', '10K+', '10K+', '1K+', '1K+', '10K+', '10K+', '10K+', '10K+', '10K+', '10K+', '10K+', '1K+', '10K+', '10K+', '10K+', '10K+', '10K+']
decision_maker_titles: ['Senior Recruiter', 'Recruiter', 'Technical Lead', 'Chief People Officer', 'QA Manager', 'Principal Engineer', 'DevOps Manager', 'Infrastructure Manager', 'VP People', 'Director of Engineering']
